../Core/Src/main.c:172:5:main	168	static
../Core/Src/main.c:278:6:SystemClock_Config	72	static
../Core/Src/main.c:317:13:MX_USART2_UART_Init	8	static
../Core/Src/main.c:350:13:MX_GPIO_Init	40	static
../Core/Src/main.c:396:6:TASK_1_MATRIX_KEYPAD_Read	32	static
../Core/Src/main.c:463:6:TASK_2_ADC_Read	32	static
../Core/Src/main.c:487:6:TASK_3_UART_Read	32	static
../Core/Src/main.c:511:6:TASK_4_MODEL_Step	32	static
../Core/Src/main.c:559:6:TASK_5_UART_Send	80	static
../Core/Src/main.c:580:6:TASK_6_DATA_Format	32	static
../Core/Src/main.c:610:6:TASK_7_LCD_Write	48	static
../Core/Src/main.c:643:6:TASK_8_OLED_Write	40	static
../Core/Src/main.c:691:6:StartDefaultTask	16	static
../Core/Src/main.c:711:6:HAL_TIM_PeriodElapsedCallback	16	static
../Core/Src/main.c:728:6:Error_Handler	4	static,ignoring_inline_asm
