../Core/Src/main.c:149:5:main	160	static
../Core/Src/main.c:240:6:SystemClock_Config	72	static
../Core/Src/main.c:279:13:MX_USART2_UART_Init	8	static
../Core/Src/main.c:312:13:MX_GPIO_Init	40	static
../Core/Src/main.c:358:6:TASK_1_MATRIX_KEYPAD_Read	32	static
../Core/Src/main.c:418:6:TASK_2_ADC_Read	32	static
../Core/Src/main.c:441:6:TASK_3_MODEL_Step	32	static
../Core/Src/main.c:489:6:TASK_4_UART_Use	80	static
../Core/Src/main.c:512:6:TASK_5_LCD_Write	48	static
../Core/Src/main.c:574:6:HAL_TIM_PeriodElapsedCallback	16	static
../Core/Src/main.c:591:6:Error_Handler	4	static,ignoring_inline_asm
