../Core/Src/LCD.c:134:6:LCD_Out_Data4	0	static
../Core/Src/LCD.c:230:6:LCD_Busy	8	static
../Core/Src/LCD.c:270:6:LCD_Pulse_EN	16	static
../Core/Src/LCD.c:159:6:LCD_Write_Byte	8	static
../Core/Src/LCD.c:170:6:LCD_Write_Cmd	0	static
../Core/Src/LCD.c:187:6:LCD_Set_Cursor	0	static
../Core/Src/LCD.c:178:6:LCD_Put_Char	0	static
../Core/Src/LCD.c:199:6:LCD_Put_Str	16	static
../Core/Src/LCD.c:208:6:LCD_Put_Num	24	static
../Core/Src/LCD.c:26:6:USER_LCD_Init	24	static
../Core/Src/LCD.c:291:6:LCD_BarGraphic	16	static
../Core/Src/LCD.c:314:6:LCD_BarGraphicXY	24	static
