../Core/Src/main.c:610:6:StartDefaultTask	8	static
../Core/Src/main.c:222:6:SystemClock_Config	72	static,ignoring_inline_asm
../Core/Src/main.c:141:5:main	56	static,ignoring_inline_asm
../Core/Src/main.c:331:6:USER_SYSCLK_Configuration	0	static
../Core/Src/main.c:375:6:TASK_1_MATRIX_KEYPAD_Read	8	static
../Core/Src/main.c:435:6:TASK_2_ADC_Read	8	static
../Core/Src/main.c:451:6:TASK_3_UART_Read	0	static
../Core/Src/main.c:467:6:TASK_4_MODEL_Step	16	static
../Core/Src/main.c:507:6:TASK_5_UART_Send	40	static
../Core/Src/main.c:520:6:TASK_6_DATA_Format	0	static
../Core/Src/main.c:542:6:TASK_7_LCD_Write	24	static
../Core/Src/main.c:567:6:TASK_8_OLED_Write	32	static
../Core/Src/main.c:630:6:HAL_TIM_PeriodElapsedCallback	0	static
../Core/Src/main.c:648:6:Error_Handler	0	static,ignoring_inline_asm
