../Src/lcd.c:26:6:USER_LCD_Init	16	static
../Src/lcd.c:134:6:LCD_Out_Data4	16	static
../Src/lcd.c:159:6:LCD_Write_Byte	16	static
../Src/lcd.c:170:6:LCD_Write_Cmd	16	static
../Src/lcd.c:178:6:LCD_Put_Char	16	static
../Src/lcd.c:187:6:LCD_Set_Cursor	24	static
../Src/lcd.c:199:6:LCD_Put_Str	24	static
../Src/lcd.c:208:6:LCD_Put_Num	32	static
../Src/lcd.c:230:6:LCD_Busy	8	static
../Src/lcd.c:270:6:LCD_Pulse_EN	8	static
../Src/lcd.c:291:6:LCD_BarGraphic	24	static
../Src/lcd.c:314:6:LCD_BarGraphicXY	24	static
