../Src/lcd.c:26:6:USER_LCD_Init	16	static
../Src/lcd.c:131:6:LCD_Out_Data4	16	static
../Src/lcd.c:156:6:LCD_Write_Byte	16	static
../Src/lcd.c:167:6:LCD_Write_Cmd	16	static
../Src/lcd.c:175:6:LCD_Put_Char	16	static
../Src/lcd.c:184:6:LCD_Set_Cursor	24	static
../Src/lcd.c:196:6:LCD_Put_Str	24	static
../Src/lcd.c:205:6:LCD_Put_Num	32	static
../Src/lcd.c:227:6:LCD_Busy	8	static
../Src/lcd.c:267:6:LCD_Pulse_EN	8	static
../Src/lcd.c:288:6:LCD_BarGraphic	24	static
../Src/lcd.c:311:6:LCD_BarGraphicXY	24	static
