../Src/main.c:58:5:main	8	static
../Src/main.c:78:6:USER_RCC_Init	4	static
../Src/main.c:114:6:TASK_1_MATRIX_KEYPAD_Read_Init	8	static
../Src/main.c:122:6:TASK_2_ADC_Read_Init	8	static
../Src/main.c:129:6:TASK_3_MODEL_Feed_Init	8	static
../Src/main.c:135:6:TASK_4_USART_Send_Init	8	static
../Src/main.c:141:6:TASK_5_LCD_Write_Init	8	static
../Src/main.c:147:6:TASK_1_MATRIX_KEYPAD_Read	8	static
../Src/main.c:178:6:TASK_2_ADC_Read	8	static
../Src/main.c:188:6:TASK_3_MODEL_Feed	8	static
../Src/main.c:200:6:TASK_4_USART_Send	48	static
../Src/main.c:207:6:TASK_5_LCD_Write	56	static
