../Src/main.c:64:5:main	8	static
../Src/main.c:84:6:USER_RCC_Init	4	static
../Src/main.c:120:6:USER_TIM4_Init_Timer	4	static
../Src/main.c:133:6:TASK_1_MATRIX_KEYPAD_Read_Init	8	static
../Src/main.c:139:6:TASK_2_ADC_Read_Init	8	static
../Src/main.c:148:6:TASK_3_MODEL_Feed_Init	8	static
../Src/main.c:154:6:TASK_4_USART_Send_Init	8	static
../Src/main.c:160:6:TASK_5_LCD_Write_Init	8	static
../Src/main.c:166:6:TASK_1_MATRIX_KEYPAD_Read	8	static
../Src/main.c:197:6:TASK_2_ADC_Read	8	static
../Src/main.c:207:6:TASK_3_MODEL_Feed	8	static
../Src/main.c:219:6:TASK_4_USART_Send	32	static
../Src/main.c:226:6:TASK_5_LCD_Write	56	static
