../Src/main.c:64:5:main	16	static
../Src/main.c:167:6:USER_RCC_Init	4	static
../Src/main.c:203:6:TASK_1_ADC_Read_Init	8	static
../Src/main.c:212:6:TASK_2_MATRIX_KEYPAD_Read_Init	8	static
../Src/main.c:218:6:TASK_3_MODEL_Feed_Init	8	static
../Src/main.c:224:6:TASK_4_USART_Send_Init	8	static
../Src/main.c:230:6:TASK_5_LCD_Write_Init	8	static
../Src/main.c:236:6:TASK_1_ADC_Read	8	static
../Src/main.c:246:6:TASK_2_MATRIX_KEYPAD_Read	8	static
../Src/main.c:277:6:TASK_3_MODEL_Feed	8	static
../Src/main.c:287:6:TASK_4_USART_Send	32	static
../Src/main.c:294:6:TASK_5_LCD_Write	56	static
../Src/main.c:315:6:USER_TIM4_Init_Timer	4	static
